
> playwright-todo-arch@1.0.0 test
> playwright test


Running 15 tests using 1 worker

[2026-03-03T13:05:34.671Z] [INFO] [TodoPage] Navigating to https://demo.playwright.dev/todomvc
[2026-03-03T13:05:36.575Z] [INFO] [TodoPage] Page ready
node.exe : [2026-03-03T13:05:36.575Z] [WARN] [McpDataGenerator] 
ANTHROPIC_API_KEY not set ΓÇö using local fallback data.
At line:1 char:1
+ & "C:\Program Files\nodejs/node.exe" "C:\Program Files\nodejs/node_mo ...
+ ~~~~~~~~~~~~~~~~~~~~~~~~~~~~~~~~~~~~~~~~~~~~~~~~~~~~~~~~~~~~~~~~~~~~~
    + CategoryInfo          : NotSpecified: ([2026-03-03T13:... fallback data. 
   :String) [], RemoteException
    + FullyQualifiedErrorId : NativeCommandError
 
  Γ£ô   1 [chromium] ΓÇ║ tests\specs\todo-add.spec.ts:9:7 ΓÇ║ Add Todo ΓÇ║ TC-01 | @smoke | add a single todo item appears in the list (2.3s)
[2026-03-03T13:05:36.886Z] [INFO] [TodoPage] Navigating to https://demo.playwright.dev/todomvc
[2026-03-03T13:05:37.720Z] [INFO] [TodoPage] Page ready
  Γ£ô   2 [chromium] ΓÇ║ tests\specs\todo-add.spec.ts:21:7 ΓÇ║ Add Todo ΓÇ║ TC-02 | @regression | add multiple todos ΓÇö all appear in the list (1.1s)
[2026-03-03T13:05:38.033Z] [INFO] [TodoPage] Navigating to https://demo.playwright.dev/todomvc
[2026-03-03T13:05:38.921Z] [INFO] [TodoPage] Page ready
  Γ£ô   3 [chromium] ΓÇ║ tests\specs\todo-add.spec.ts:33:7 ΓÇ║ Add Todo ΓÇ║ TC-03 | @regression | items-left counter reflects number of added todos (1.2s)
[2026-03-03T13:05:39.231Z] [INFO] [TodoPage] Navigating to https://demo.playwright.dev/todomvc
[2026-03-03T13:05:40.084Z] [INFO] [TodoPage] Page ready
[2026-03-03T13:05:40.084Z] [WARN] [McpDataGenerator] ANTHROPIC_API_KEY not set 
ΓÇö using local fallback data.
  Γ£ÿ   4 [chromium] ΓÇ║ tests\specs\todo-complete.spec.ts:9:7 ΓÇ║ Complete Todo ΓÇ║ TC-04 | @smoke | mark a todo as complete applies completed styling (1.2s)
[2026-03-03T13:05:41.973Z] [INFO] [TodoPage] Navigating to https://demo.playwright.dev/todomvc
[2026-03-03T13:05:42.882Z] [INFO] [TodoPage] Page ready
[2026-03-03T13:05:42.883Z] [WARN] [McpDataGenerator] ANTHROPIC_API_KEY not set 
ΓÇö using local fallback data.
  Γ£ÿ   5 [chromium] ΓÇ║ tests\specs\todo-complete.spec.ts:20:7 ΓÇ║ Complete Todo ΓÇ║ TC-05 | @regression | completing a todo decrements the items-left counter (1.4s)
[2026-03-03T13:05:44.663Z] [INFO] [TodoPage] Navigating to https://demo.playwright.dev/todomvc
[2026-03-03T13:05:45.564Z] [INFO] [TodoPage] Page ready
[2026-03-03T13:05:45.565Z] [WARN] [McpDataGenerator] ANTHROPIC_API_KEY not set 
ΓÇö using local fallback data.
  Γ£ÿ   6 [chromium] ΓÇ║ tests\specs\todo-complete.spec.ts:31:7 ΓÇ║ Complete Todo ΓÇ║ TC-06 | @regression | completing all todos shows zero items left (1.3s)
[2026-03-03T13:05:47.332Z] [INFO] [TodoPage] Navigating to https://demo.playwright.dev/todomvc
[2026-03-03T13:05:48.264Z] [INFO] [TodoPage] Page ready
[2026-03-03T13:05:48.265Z] [WARN] [McpDataGenerator] ANTHROPIC_API_KEY not set 
ΓÇö using local fallback data.
  Γ£ô   7 [chromium] ΓÇ║ tests\specs\todo-delete.spec.ts:9:7 ΓÇ║ Delete Todo ΓÇ║ TC-07 | @smoke | delete a todo removes it from the list (1.5s)
[2026-03-03T13:05:48.738Z] [INFO] [TodoPage] Navigating to https://demo.playwright.dev/todomvc
[2026-03-03T13:05:49.612Z] [INFO] [TodoPage] Page ready
  Γ£ô   8 [chromium] ΓÇ║ tests\specs\todo-delete.spec.ts:23:7 ΓÇ║ Delete Todo ΓÇ║ TC-08 | @regression | deleting a middle item leaves all others intact (1.3s)
[2026-03-03T13:05:50.059Z] [INFO] [TodoPage] Navigating to https://demo.playwright.dev/todomvc
[2026-03-03T13:05:50.977Z] [INFO] [TodoPage] Page ready
[2026-03-03T13:05:50.978Z] [WARN] [McpDataGenerator] ANTHROPIC_API_KEY not set 
ΓÇö using local fallback data.
  Γ£ô   9 [chromium] ΓÇ║ tests\specs\todo-edit.spec.ts:9:7 ΓÇ║ Edit Todo ΓÇ║ TC-09 | @regression | double-click edit replaces the todo text (1.3s)
[2026-03-03T13:05:51.359Z] [INFO] [TodoPage] Navigating to https://demo.playwright.dev/todomvc
[2026-03-03T13:05:52.206Z] [INFO] [TodoPage] Page ready
  Γ£ÿ  10 [chromium] ΓÇ║ tests\specs\todo-edit.spec.ts:23:7 ΓÇ║ Edit Todo ΓÇ║ TC-10 | @regression | editing a completed todo retains its completed state (1.2s)
[2026-03-03T13:05:54.124Z] [INFO] [TodoPage] Navigating to https://demo.playwright.dev/todomvc
[2026-03-03T13:05:55.014Z] [INFO] [TodoPage] Page ready
[2026-03-03T13:05:55.015Z] [WARN] [McpDataGenerator] ANTHROPIC_API_KEY not set 
ΓÇö using local fallback data.
  Γ£ÿ  11 [chromium] ΓÇ║ tests\specs\todo-filter.spec.ts:28:7 ΓÇ║ Filter Todos ΓÇ║ TC-11 | @smoke | Active filter shows only incomplete todos (1.4s)
[2026-03-03T13:05:56.964Z] [INFO] [TodoPage] Navigating to https://demo.playwright.dev/todomvc
[2026-03-03T13:05:57.892Z] [INFO] [TodoPage] Page ready
[2026-03-03T13:05:57.893Z] [WARN] [McpDataGenerator] ANTHROPIC_API_KEY not set 
ΓÇö using local fallback data.
  Γ£ÿ  12 [chromium] ΓÇ║ tests\specs\todo-filter.spec.ts:42:7 ΓÇ║ Filter Todos ΓÇ║ TC-12 | @smoke | Completed filter shows only finished todos (1.4s)
[2026-03-03T13:05:59.721Z] [INFO] [TodoPage] Navigating to https://demo.playwright.dev/todomvc
[2026-03-03T13:06:00.632Z] [INFO] [TodoPage] Page ready
[2026-03-03T13:06:00.632Z] [WARN] [McpDataGenerator] ANTHROPIC_API_KEY not set 
ΓÇö using local fallback data.
  Γ£ÿ  13 [chromium] ΓÇ║ tests\specs\todo-filter.spec.ts:56:7 ΓÇ║ Filter Todos ΓÇ║ TC-13 | @regression | All filter shows every todo regardless of state (1.4s)
[2026-03-03T13:06:02.475Z] [INFO] [TodoPage] Navigating to https://demo.playwright.dev/todomvc
[2026-03-03T13:06:03.532Z] [INFO] [TodoPage] Page ready
[2026-03-03T13:06:03.533Z] [WARN] [McpDataGenerator] ANTHROPIC_API_KEY not set 
ΓÇö using local fallback data.
  Γ£ÿ  14 [chromium] ΓÇ║ tests\specs\todo-filter.spec.ts:67:7 ΓÇ║ Filter Todos ΓÇ║ TC-14 | @regression | Clear completed removes all finished todos (1.5s)
[2026-03-03T13:06:05.399Z] [INFO] [TodoPage] Navigating to https://demo.playwright.dev/todomvc
[2026-03-03T13:06:06.335Z] [INFO] [TodoPage] Page ready
[2026-03-03T13:06:06.335Z] [WARN] [McpDataGenerator] ANTHROPIC_API_KEY not set 
ΓÇö using local fallback data.
  Γ£ÿ  15 [chromium] ΓÇ║ tests\specs\todo-filter.spec.ts:82:7 ΓÇ║ Filter Todos ΓÇ║ TC-15 | @regression | Active filter link shows as visually selected (1.5s)


  1) [chromium] ΓÇ║ tests\specs\todo-complete.spec.ts:9:7 ΓÇ║ Complete Todo ΓÇ║ TC-04 | @smoke | mark a todo as complete applies completed styling 

    TypeError: locator.click is not a function

       at ..\..\src\core\Driver.ts:58

      56 |   async click(locator: Locator): Promise<void> {
      57 |     await this.log.action("click", async () => {
    > 58 |       await locator.click();
         |                     ^
      59 |     });
      60 |   }
      61 |
        at fn (D:\playwright-todo-arch_1\src\core\Driver.ts:58:21)
        at Logger.action (D:\playwright-todo-arch_1\src\utils\Logger.ts:40:26)
        at Driver.click (D:\playwright-todo-arch_1\src\core\Driver.ts:57:20)
        at TodoItemComponent.toggle (D:\playwright-todo-arch_1\src\components\TodoItemComponent.ts:54:23)
        at TodoPage.completeTodo (D:\playwright-todo-arch_1\src\pages\TodoPage.ts:85:5)
        at D:\playwright-todo-arch_1\tests\specs\todo-complete.spec.ts:14:7

    attachment #1: screenshot (image/png) ΓöÇΓöÇΓöÇΓöÇΓöÇΓöÇΓöÇΓöÇΓöÇΓöÇΓöÇΓöÇΓöÇΓöÇΓöÇΓöÇΓöÇΓöÇΓöÇΓöÇΓöÇΓöÇΓöÇΓöÇΓöÇΓöÇΓöÇΓöÇΓöÇΓöÇΓöÇΓöÇΓöÇΓöÇΓöÇΓöÇΓöÇΓöÇΓöÇΓöÇΓöÇΓöÇΓöÇΓöÇΓöÇΓöÇΓöÇΓöÇΓöÇΓöÇΓöÇΓöÇΓöÇΓöÇΓöÇΓöÇΓöÇΓöÇ
    test-results\todo-complete-Complete-Tod-889a3-e-applies-completed-styling-chromium\test-failed-1.png
    ΓöÇΓöÇΓöÇΓöÇΓöÇΓöÇΓöÇΓöÇΓöÇΓöÇΓöÇΓöÇΓöÇΓöÇΓöÇΓöÇΓöÇΓöÇΓöÇΓöÇΓöÇΓöÇΓöÇΓöÇΓöÇΓöÇΓöÇΓöÇΓöÇΓöÇΓöÇΓöÇΓöÇΓöÇΓöÇΓöÇΓöÇΓöÇΓöÇΓöÇΓöÇΓöÇΓöÇΓöÇΓöÇΓöÇΓöÇΓöÇΓöÇΓöÇΓöÇΓöÇΓöÇΓöÇΓöÇΓöÇΓöÇΓöÇΓöÇΓöÇΓöÇΓöÇΓöÇΓöÇΓöÇΓöÇΓöÇΓöÇΓöÇΓöÇΓöÇΓöÇΓöÇΓöÇΓöÇΓöÇΓöÇΓöÇΓöÇΓöÇΓöÇΓöÇΓöÇΓöÇΓöÇΓöÇΓöÇΓöÇΓöÇΓöÇΓöÇΓöÇΓöÇΓöÇΓöÇΓöÇ

    attachment #2: video (video/webm) ΓöÇΓöÇΓöÇΓöÇΓöÇΓöÇΓöÇΓöÇΓöÇΓöÇΓöÇΓöÇΓöÇΓöÇΓöÇΓöÇΓöÇΓöÇΓöÇΓöÇΓöÇΓöÇΓöÇΓöÇΓöÇΓöÇΓöÇΓöÇΓöÇΓöÇΓöÇΓöÇΓöÇΓöÇΓöÇΓöÇΓöÇΓöÇΓöÇΓöÇΓöÇΓöÇΓöÇΓöÇΓöÇΓöÇΓöÇΓöÇΓöÇΓöÇΓöÇΓöÇΓöÇΓöÇΓöÇΓöÇΓöÇΓöÇΓöÇΓöÇΓöÇΓöÇ
    test-results\todo-complete-Complete-Tod-889a3-e-applies-completed-styling-chromium\video.webm
    ΓöÇΓöÇΓöÇΓöÇΓöÇΓöÇΓöÇΓöÇΓöÇΓöÇΓöÇΓöÇΓöÇΓöÇΓöÇΓöÇΓöÇΓöÇΓöÇΓöÇΓöÇΓöÇΓöÇΓöÇΓöÇΓöÇΓöÇΓöÇΓöÇΓöÇΓöÇΓöÇΓöÇΓöÇΓöÇΓöÇΓöÇΓöÇΓöÇΓöÇΓöÇΓöÇΓöÇΓöÇΓöÇΓöÇΓöÇΓöÇΓöÇΓöÇΓöÇΓöÇΓöÇΓöÇΓöÇΓöÇΓöÇΓöÇΓöÇΓöÇΓöÇΓöÇΓöÇΓöÇΓöÇΓöÇΓöÇΓöÇΓöÇΓöÇΓöÇΓöÇΓöÇΓöÇΓöÇΓöÇΓöÇΓöÇΓöÇΓöÇΓöÇΓöÇΓöÇΓöÇΓöÇΓöÇΓöÇΓöÇΓöÇΓöÇΓöÇΓöÇΓöÇΓöÇΓöÇΓöÇ

    Error Context: test-results\todo-complete-Complete-Tod-889a3-e-applies-completed-styling-chromium\error-context.md

  2) [chromium] ΓÇ║ tests\specs\todo-complete.spec.ts:20:7 ΓÇ║ Complete Todo ΓÇ║ TC-05 | @regression | completing a todo decrements the items-left counter 

    TypeError: locator.click is not a function

       at ..\..\src\core\Driver.ts:58

      56 |   async click(locator: Locator): Promise<void> {
      57 |     await this.log.action("click", async () => {
    > 58 |       await locator.click();
         |                     ^
      59 |     });
      60 |   }
      61 |
        at fn (D:\playwright-todo-arch_1\src\core\Driver.ts:58:21)
        at Logger.action (D:\playwright-todo-arch_1\src\utils\Logger.ts:40:26)
        at Driver.click (D:\playwright-todo-arch_1\src\core\Driver.ts:57:20)
        at TodoItemComponent.toggle (D:\playwright-todo-arch_1\src\components\TodoItemComponent.ts:54:23)
        at TodoPage.completeTodo (D:\playwright-todo-arch_1\src\pages\TodoPage.ts:85:5)
        at D:\playwright-todo-arch_1\tests\specs\todo-complete.spec.ts:25:7

    attachment #1: screenshot (image/png) ΓöÇΓöÇΓöÇΓöÇΓöÇΓöÇΓöÇΓöÇΓöÇΓöÇΓöÇΓöÇΓöÇΓöÇΓöÇΓöÇΓöÇΓöÇΓöÇΓöÇΓöÇΓöÇΓöÇΓöÇΓöÇΓöÇΓöÇΓöÇΓöÇΓöÇΓöÇΓöÇΓöÇΓöÇΓöÇΓöÇΓöÇΓöÇΓöÇΓöÇΓöÇΓöÇΓöÇΓöÇΓöÇΓöÇΓöÇΓöÇΓöÇΓöÇΓöÇΓöÇΓöÇΓöÇΓöÇΓöÇΓöÇΓöÇ
    test-results\todo-complete-Complete-Tod-a7aba-ents-the-items-left-counter-chromium\test-failed-1.png
    ΓöÇΓöÇΓöÇΓöÇΓöÇΓöÇΓöÇΓöÇΓöÇΓöÇΓöÇΓöÇΓöÇΓöÇΓöÇΓöÇΓöÇΓöÇΓöÇΓöÇΓöÇΓöÇΓöÇΓöÇΓöÇΓöÇΓöÇΓöÇΓöÇΓöÇΓöÇΓöÇΓöÇΓöÇΓöÇΓöÇΓöÇΓöÇΓöÇΓöÇΓöÇΓöÇΓöÇΓöÇΓöÇΓöÇΓöÇΓöÇΓöÇΓöÇΓöÇΓöÇΓöÇΓöÇΓöÇΓöÇΓöÇΓöÇΓöÇΓöÇΓöÇΓöÇΓöÇΓöÇΓöÇΓöÇΓöÇΓöÇΓöÇΓöÇΓöÇΓöÇΓöÇΓöÇΓöÇΓöÇΓöÇΓöÇΓöÇΓöÇΓöÇΓöÇΓöÇΓöÇΓöÇΓöÇΓöÇΓöÇΓöÇΓöÇΓöÇΓöÇΓöÇΓöÇΓöÇΓöÇ

    attachment #2: video (video/webm) ΓöÇΓöÇΓöÇΓöÇΓöÇΓöÇΓöÇΓöÇΓöÇΓöÇΓöÇΓöÇΓöÇΓöÇΓöÇΓöÇΓöÇΓöÇΓöÇΓöÇΓöÇΓöÇΓöÇΓöÇΓöÇΓöÇΓöÇΓöÇΓöÇΓöÇΓöÇΓöÇΓöÇΓöÇΓöÇΓöÇΓöÇΓöÇΓöÇΓöÇΓöÇΓöÇΓöÇΓöÇΓöÇΓöÇΓöÇΓöÇΓöÇΓöÇΓöÇΓöÇΓöÇΓöÇΓöÇΓöÇΓöÇΓöÇΓöÇΓöÇΓöÇΓöÇ
    test-results\todo-complete-Complete-Tod-a7aba-ents-the-items-left-counter-chromium\video.webm
    ΓöÇΓöÇΓöÇΓöÇΓöÇΓöÇΓöÇΓöÇΓöÇΓöÇΓöÇΓöÇΓöÇΓöÇΓöÇΓöÇΓöÇΓöÇΓöÇΓöÇΓöÇΓöÇΓöÇΓöÇΓöÇΓöÇΓöÇΓöÇΓöÇΓöÇΓöÇΓöÇΓöÇΓöÇΓöÇΓöÇΓöÇΓöÇΓöÇΓöÇΓöÇΓöÇΓöÇΓöÇΓöÇΓöÇΓöÇΓöÇΓöÇΓöÇΓöÇΓöÇΓöÇΓöÇΓöÇΓöÇΓöÇΓöÇΓöÇΓöÇΓöÇΓöÇΓöÇΓöÇΓöÇΓöÇΓöÇΓöÇΓöÇΓöÇΓöÇΓöÇΓöÇΓöÇΓöÇΓöÇΓöÇΓöÇΓöÇΓöÇΓöÇΓöÇΓöÇΓöÇΓöÇΓöÇΓöÇΓöÇΓöÇΓöÇΓöÇΓöÇΓöÇΓöÇΓöÇΓöÇ

    Error Context: test-results\todo-complete-Complete-Tod-a7aba-ents-the-items-left-counter-chromium\error-context.md

  3) [chromium] ΓÇ║ tests\specs\todo-complete.spec.ts:31:7 ΓÇ║ Complete Todo ΓÇ║ TC-06 | @regression | completing all todos shows zero items left 

    TypeError: locator.click is not a function

       at ..\..\src\core\Driver.ts:58

      56 |   async click(locator: Locator): Promise<void> {
      57 |     await this.log.action("click", async () => {
    > 58 |       await locator.click();
         |                     ^
      59 |     });
      60 |   }
      61 |
        at fn (D:\playwright-todo-arch_1\src\core\Driver.ts:58:21)
        at Logger.action (D:\playwright-todo-arch_1\src\utils\Logger.ts:40:26)
        at Driver.click (D:\playwright-todo-arch_1\src\core\Driver.ts:57:20)
        at TodoItemComponent.toggle (D:\playwright-todo-arch_1\src\components\TodoItemComponent.ts:54:23)
        at TodoPage.completeTodo (D:\playwright-todo-arch_1\src\pages\TodoPage.ts:85:5)
        at D:\playwright-todo-arch_1\tests\specs\todo-complete.spec.ts:36:9

    attachment #1: screenshot (image/png) ΓöÇΓöÇΓöÇΓöÇΓöÇΓöÇΓöÇΓöÇΓöÇΓöÇΓöÇΓöÇΓöÇΓöÇΓöÇΓöÇΓöÇΓöÇΓöÇΓöÇΓöÇΓöÇΓöÇΓöÇΓöÇΓöÇΓöÇΓöÇΓöÇΓöÇΓöÇΓöÇΓöÇΓöÇΓöÇΓöÇΓöÇΓöÇΓöÇΓöÇΓöÇΓöÇΓöÇΓöÇΓöÇΓöÇΓöÇΓöÇΓöÇΓöÇΓöÇΓöÇΓöÇΓöÇΓöÇΓöÇΓöÇΓöÇ
    test-results\todo-complete-Complete-Tod-1a7be-todos-shows-zero-items-left-chromium\test-failed-1.png
    ΓöÇΓöÇΓöÇΓöÇΓöÇΓöÇΓöÇΓöÇΓöÇΓöÇΓöÇΓöÇΓöÇΓöÇΓöÇΓöÇΓöÇΓöÇΓöÇΓöÇΓöÇΓöÇΓöÇΓöÇΓöÇΓöÇΓöÇΓöÇΓöÇΓöÇΓöÇΓöÇΓöÇΓöÇΓöÇΓöÇΓöÇΓöÇΓöÇΓöÇΓöÇΓöÇΓöÇΓöÇΓöÇΓöÇΓöÇΓöÇΓöÇΓöÇΓöÇΓöÇΓöÇΓöÇΓöÇΓöÇΓöÇΓöÇΓöÇΓöÇΓöÇΓöÇΓöÇΓöÇΓöÇΓöÇΓöÇΓöÇΓöÇΓöÇΓöÇΓöÇΓöÇΓöÇΓöÇΓöÇΓöÇΓöÇΓöÇΓöÇΓöÇΓöÇΓöÇΓöÇΓöÇΓöÇΓöÇΓöÇΓöÇΓöÇΓöÇΓöÇΓöÇΓöÇΓöÇΓöÇ

    attachment #2: video (video/webm) ΓöÇΓöÇΓöÇΓöÇΓöÇΓöÇΓöÇΓöÇΓöÇΓöÇΓöÇΓöÇΓöÇΓöÇΓöÇΓöÇΓöÇΓöÇΓöÇΓöÇΓöÇΓöÇΓöÇΓöÇΓöÇΓöÇΓöÇΓöÇΓöÇΓöÇΓöÇΓöÇΓöÇΓöÇΓöÇΓöÇΓöÇΓöÇΓöÇΓöÇΓöÇΓöÇΓöÇΓöÇΓöÇΓöÇΓöÇΓöÇΓöÇΓöÇΓöÇΓöÇΓöÇΓöÇΓöÇΓöÇΓöÇΓöÇΓöÇΓöÇΓöÇΓöÇ
    test-results\todo-complete-Complete-Tod-1a7be-todos-shows-zero-items-left-chromium\video.webm
    ΓöÇΓöÇΓöÇΓöÇΓöÇΓöÇΓöÇΓöÇΓöÇΓöÇΓöÇΓöÇΓöÇΓöÇΓöÇΓöÇΓöÇΓöÇΓöÇΓöÇΓöÇΓöÇΓöÇΓöÇΓöÇΓöÇΓöÇΓöÇΓöÇΓöÇΓöÇΓöÇΓöÇΓöÇΓöÇΓöÇΓöÇΓöÇΓöÇΓöÇΓöÇΓöÇΓöÇΓöÇΓöÇΓöÇΓöÇΓöÇΓöÇΓöÇΓöÇΓöÇΓöÇΓöÇΓöÇΓöÇΓöÇΓöÇΓöÇΓöÇΓöÇΓöÇΓöÇΓöÇΓöÇΓöÇΓöÇΓöÇΓöÇΓöÇΓöÇΓöÇΓöÇΓöÇΓöÇΓöÇΓöÇΓöÇΓöÇΓöÇΓöÇΓöÇΓöÇΓöÇΓöÇΓöÇΓöÇΓöÇΓöÇΓöÇΓöÇΓöÇΓöÇΓöÇΓöÇΓöÇ

    Error Context: test-results\todo-complete-Complete-Tod-1a7be-todos-shows-zero-items-left-chromium\error-context.md

  4) [chromium] ΓÇ║ tests\specs\todo-edit.spec.ts:23:7 ΓÇ║ Edit Todo ΓÇ║ TC-10 | @regression | editing a completed todo retains its completed state 

    TypeError: locator.click is not a function

       at ..\..\src\core\Driver.ts:58

      56 |   async click(locator: Locator): Promise<void> {
      57 |     await this.log.action("click", async () => {
    > 58 |       await locator.click();
         |                     ^
      59 |     });
      60 |   }
      61 |
        at fn (D:\playwright-todo-arch_1\src\core\Driver.ts:58:21)
        at Logger.action (D:\playwright-todo-arch_1\src\utils\Logger.ts:40:26)
        at Driver.click (D:\playwright-todo-arch_1\src\core\Driver.ts:57:20)
        at TodoItemComponent.toggle (D:\playwright-todo-arch_1\src\components\TodoItemComponent.ts:54:23)
        at TodoPage.completeTodo (D:\playwright-todo-arch_1\src\pages\TodoPage.ts:85:5)
        at D:\playwright-todo-arch_1\tests\specs\todo-edit.spec.ts:29:7

    attachment #1: screenshot (image/png) ΓöÇΓöÇΓöÇΓöÇΓöÇΓöÇΓöÇΓöÇΓöÇΓöÇΓöÇΓöÇΓöÇΓöÇΓöÇΓöÇΓöÇΓöÇΓöÇΓöÇΓöÇΓöÇΓöÇΓöÇΓöÇΓöÇΓöÇΓöÇΓöÇΓöÇΓöÇΓöÇΓöÇΓöÇΓöÇΓöÇΓöÇΓöÇΓöÇΓöÇΓöÇΓöÇΓöÇΓöÇΓöÇΓöÇΓöÇΓöÇΓöÇΓöÇΓöÇΓöÇΓöÇΓöÇΓöÇΓöÇΓöÇΓöÇ
    test-results\todo-edit-Edit-Todo-TC-10--87066-retains-its-completed-state-chromium\test-failed-1.png
    ΓöÇΓöÇΓöÇΓöÇΓöÇΓöÇΓöÇΓöÇΓöÇΓöÇΓöÇΓöÇΓöÇΓöÇΓöÇΓöÇΓöÇΓöÇΓöÇΓöÇΓöÇΓöÇΓöÇΓöÇΓöÇΓöÇΓöÇΓöÇΓöÇΓöÇΓöÇΓöÇΓöÇΓöÇΓöÇΓöÇΓöÇΓöÇΓöÇΓöÇΓöÇΓöÇΓöÇΓöÇΓöÇΓöÇΓöÇΓöÇΓöÇΓöÇΓöÇΓöÇΓöÇΓöÇΓöÇΓöÇΓöÇΓöÇΓöÇΓöÇΓöÇΓöÇΓöÇΓöÇΓöÇΓöÇΓöÇΓöÇΓöÇΓöÇΓöÇΓöÇΓöÇΓöÇΓöÇΓöÇΓöÇΓöÇΓöÇΓöÇΓöÇΓöÇΓöÇΓöÇΓöÇΓöÇΓöÇΓöÇΓöÇΓöÇΓöÇΓöÇΓöÇΓöÇΓöÇΓöÇ

    attachment #2: video (video/webm) ΓöÇΓöÇΓöÇΓöÇΓöÇΓöÇΓöÇΓöÇΓöÇΓöÇΓöÇΓöÇΓöÇΓöÇΓöÇΓöÇΓöÇΓöÇΓöÇΓöÇΓöÇΓöÇΓöÇΓöÇΓöÇΓöÇΓöÇΓöÇΓöÇΓöÇΓöÇΓöÇΓöÇΓöÇΓöÇΓöÇΓöÇΓöÇΓöÇΓöÇΓöÇΓöÇΓöÇΓöÇΓöÇΓöÇΓöÇΓöÇΓöÇΓöÇΓöÇΓöÇΓöÇΓöÇΓöÇΓöÇΓöÇΓöÇΓöÇΓöÇΓöÇΓöÇ
    test-results\todo-edit-Edit-Todo-TC-10--87066-retains-its-completed-state-chromium\video.webm
    ΓöÇΓöÇΓöÇΓöÇΓöÇΓöÇΓöÇΓöÇΓöÇΓöÇΓöÇΓöÇΓöÇΓöÇΓöÇΓöÇΓöÇΓöÇΓöÇΓöÇΓöÇΓöÇΓöÇΓöÇΓöÇΓöÇΓöÇΓöÇΓöÇΓöÇΓöÇΓöÇΓöÇΓöÇΓöÇΓöÇΓöÇΓöÇΓöÇΓöÇΓöÇΓöÇΓöÇΓöÇΓöÇΓöÇΓöÇΓöÇΓöÇΓöÇΓöÇΓöÇΓöÇΓöÇΓöÇΓöÇΓöÇΓöÇΓöÇΓöÇΓöÇΓöÇΓöÇΓöÇΓöÇΓöÇΓöÇΓöÇΓöÇΓöÇΓöÇΓöÇΓöÇΓöÇΓöÇΓöÇΓöÇΓöÇΓöÇΓöÇΓöÇΓöÇΓöÇΓöÇΓöÇΓöÇΓöÇΓöÇΓöÇΓöÇΓöÇΓöÇΓöÇΓöÇΓöÇΓöÇ

    Error Context: test-results\todo-edit-Edit-Todo-TC-10--87066-retains-its-completed-state-chromium\error-context.md

  5) [chromium] ΓÇ║ tests\specs\todo-filter.spec.ts:28:7 ΓÇ║ Filter Todos ΓÇ║ TC-11 | @smoke | Active filter shows only incomplete todos 

    TypeError: locator.click is not a function

       at ..\..\src\core\Driver.ts:58

      56 |   async click(locator: Locator): Promise<void> {
      57 |     await this.log.action("click", async () => {
    > 58 |       await locator.click();
         |                     ^
      59 |     });
      60 |   }
      61 |
        at fn (D:\playwright-todo-arch_1\src\core\Driver.ts:58:21)
        at Logger.action (D:\playwright-todo-arch_1\src\utils\Logger.ts:40:26)
        at Driver.click (D:\playwright-todo-arch_1\src\core\Driver.ts:57:20)
        at TodoItemComponent.toggle (D:\playwright-todo-arch_1\src\components\TodoItemComponent.ts:54:23)
        at TodoPage.completeTodo (D:\playwright-todo-arch_1\src\pages\TodoPage.ts:85:5)
        at setupWithCompletedItems (D:\playwright-todo-arch_1\tests\specs\todo-filter.spec.ts:18:3)
        at D:\playwright-todo-arch_1\tests\specs\todo-filter.spec.ts:30:37

    attachment #1: screenshot (image/png) ΓöÇΓöÇΓöÇΓöÇΓöÇΓöÇΓöÇΓöÇΓöÇΓöÇΓöÇΓöÇΓöÇΓöÇΓöÇΓöÇΓöÇΓöÇΓöÇΓöÇΓöÇΓöÇΓöÇΓöÇΓöÇΓöÇΓöÇΓöÇΓöÇΓöÇΓöÇΓöÇΓöÇΓöÇΓöÇΓöÇΓöÇΓöÇΓöÇΓöÇΓöÇΓöÇΓöÇΓöÇΓöÇΓöÇΓöÇΓöÇΓöÇΓöÇΓöÇΓöÇΓöÇΓöÇΓöÇΓöÇΓöÇΓöÇ
    test-results\todo-filter-Filter-Todos-T-79873-shows-only-incomplete-todos-chromium\test-failed-1.png
    ΓöÇΓöÇΓöÇΓöÇΓöÇΓöÇΓöÇΓöÇΓöÇΓöÇΓöÇΓöÇΓöÇΓöÇΓöÇΓöÇΓöÇΓöÇΓöÇΓöÇΓöÇΓöÇΓöÇΓöÇΓöÇΓöÇΓöÇΓöÇΓöÇΓöÇΓöÇΓöÇΓöÇΓöÇΓöÇΓöÇΓöÇΓöÇΓöÇΓöÇΓöÇΓöÇΓöÇΓöÇΓöÇΓöÇΓöÇΓöÇΓöÇΓöÇΓöÇΓöÇΓöÇΓöÇΓöÇΓöÇΓöÇΓöÇΓöÇΓöÇΓöÇΓöÇΓöÇΓöÇΓöÇΓöÇΓöÇΓöÇΓöÇΓöÇΓöÇΓöÇΓöÇΓöÇΓöÇΓöÇΓöÇΓöÇΓöÇΓöÇΓöÇΓöÇΓöÇΓöÇΓöÇΓöÇΓöÇΓöÇΓöÇΓöÇΓöÇΓöÇΓöÇΓöÇΓöÇΓöÇ

    attachment #2: video (video/webm) ΓöÇΓöÇΓöÇΓöÇΓöÇΓöÇΓöÇΓöÇΓöÇΓöÇΓöÇΓöÇΓöÇΓöÇΓöÇΓöÇΓöÇΓöÇΓöÇΓöÇΓöÇΓöÇΓöÇΓöÇΓöÇΓöÇΓöÇΓöÇΓöÇΓöÇΓöÇΓöÇΓöÇΓöÇΓöÇΓöÇΓöÇΓöÇΓöÇΓöÇΓöÇΓöÇΓöÇΓöÇΓöÇΓöÇΓöÇΓöÇΓöÇΓöÇΓöÇΓöÇΓöÇΓöÇΓöÇΓöÇΓöÇΓöÇΓöÇΓöÇΓöÇΓöÇ
    test-results\todo-filter-Filter-Todos-T-79873-shows-only-incomplete-todos-chromium\video.webm
    ΓöÇΓöÇΓöÇΓöÇΓöÇΓöÇΓöÇΓöÇΓöÇΓöÇΓöÇΓöÇΓöÇΓöÇΓöÇΓöÇΓöÇΓöÇΓöÇΓöÇΓöÇΓöÇΓöÇΓöÇΓöÇΓöÇΓöÇΓöÇΓöÇΓöÇΓöÇΓöÇΓöÇΓöÇΓöÇΓöÇΓöÇΓöÇΓöÇΓöÇΓöÇΓöÇΓöÇΓöÇΓöÇΓöÇΓöÇΓöÇΓöÇΓöÇΓöÇΓöÇΓöÇΓöÇΓöÇΓöÇΓöÇΓöÇΓöÇΓöÇΓöÇΓöÇΓöÇΓöÇΓöÇΓöÇΓöÇΓöÇΓöÇΓöÇΓöÇΓöÇΓöÇΓöÇΓöÇΓöÇΓöÇΓöÇΓöÇΓöÇΓöÇΓöÇΓöÇΓöÇΓöÇΓöÇΓöÇΓöÇΓöÇΓöÇΓöÇΓöÇΓöÇΓöÇΓöÇΓöÇ

    Error Context: test-results\todo-filter-Filter-Todos-T-79873-shows-only-incomplete-todos-chromium\error-context.md

  6) [chromium] ΓÇ║ tests\specs\todo-filter.spec.ts:42:7 ΓÇ║ Filter Todos ΓÇ║ TC-12 | @smoke | Completed filter shows only finished todos 

    TypeError: locator.click is not a function

       at ..\..\src\core\Driver.ts:58

      56 |   async click(locator: Locator): Promise<void> {
      57 |     await this.log.action("click", async () => {
    > 58 |       await locator.click();
         |                     ^
      59 |     });
      60 |   }
      61 |
        at fn (D:\playwright-todo-arch_1\src\core\Driver.ts:58:21)
        at Logger.action (D:\playwright-todo-arch_1\src\utils\Logger.ts:40:26)
        at Driver.click (D:\playwright-todo-arch_1\src\core\Driver.ts:57:20)
        at TodoItemComponent.toggle (D:\playwright-todo-arch_1\src\components\TodoItemComponent.ts:54:23)
        at TodoPage.completeTodo (D:\playwright-todo-arch_1\src\pages\TodoPage.ts:85:5)
        at setupWithCompletedItems (D:\playwright-todo-arch_1\tests\specs\todo-filter.spec.ts:18:3)
        at D:\playwright-todo-arch_1\tests\specs\todo-filter.spec.ts:44:37

    attachment #1: screenshot (image/png) ΓöÇΓöÇΓöÇΓöÇΓöÇΓöÇΓöÇΓöÇΓöÇΓöÇΓöÇΓöÇΓöÇΓöÇΓöÇΓöÇΓöÇΓöÇΓöÇΓöÇΓöÇΓöÇΓöÇΓöÇΓöÇΓöÇΓöÇΓöÇΓöÇΓöÇΓöÇΓöÇΓöÇΓöÇΓöÇΓöÇΓöÇΓöÇΓöÇΓöÇΓöÇΓöÇΓöÇΓöÇΓöÇΓöÇΓöÇΓöÇΓöÇΓöÇΓöÇΓöÇΓöÇΓöÇΓöÇΓöÇΓöÇΓöÇ
    test-results\todo-filter-Filter-Todos-T-6f101-r-shows-only-finished-todos-chromium\test-failed-1.png
    ΓöÇΓöÇΓöÇΓöÇΓöÇΓöÇΓöÇΓöÇΓöÇΓöÇΓöÇΓöÇΓöÇΓöÇΓöÇΓöÇΓöÇΓöÇΓöÇΓöÇΓöÇΓöÇΓöÇΓöÇΓöÇΓöÇΓöÇΓöÇΓöÇΓöÇΓöÇΓöÇΓöÇΓöÇΓöÇΓöÇΓöÇΓöÇΓöÇΓöÇΓöÇΓöÇΓöÇΓöÇΓöÇΓöÇΓöÇΓöÇΓöÇΓöÇΓöÇΓöÇΓöÇΓöÇΓöÇΓöÇΓöÇΓöÇΓöÇΓöÇΓöÇΓöÇΓöÇΓöÇΓöÇΓöÇΓöÇΓöÇΓöÇΓöÇΓöÇΓöÇΓöÇΓöÇΓöÇΓöÇΓöÇΓöÇΓöÇΓöÇΓöÇΓöÇΓöÇΓöÇΓöÇΓöÇΓöÇΓöÇΓöÇΓöÇΓöÇΓöÇΓöÇΓöÇΓöÇΓöÇ

    attachment #2: video (video/webm) ΓöÇΓöÇΓöÇΓöÇΓöÇΓöÇΓöÇΓöÇΓöÇΓöÇΓöÇΓöÇΓöÇΓöÇΓöÇΓöÇΓöÇΓöÇΓöÇΓöÇΓöÇΓöÇΓöÇΓöÇΓöÇΓöÇΓöÇΓöÇΓöÇΓöÇΓöÇΓöÇΓöÇΓöÇΓöÇΓöÇΓöÇΓöÇΓöÇΓöÇΓöÇΓöÇΓöÇΓöÇΓöÇΓöÇΓöÇΓöÇΓöÇΓöÇΓöÇΓöÇΓöÇΓöÇΓöÇΓöÇΓöÇΓöÇΓöÇΓöÇΓöÇΓöÇ
    test-results\todo-filter-Filter-Todos-T-6f101-r-shows-only-finished-todos-chromium\video.webm
    ΓöÇΓöÇΓöÇΓöÇΓöÇΓöÇΓöÇΓöÇΓöÇΓöÇΓöÇΓöÇΓöÇΓöÇΓöÇΓöÇΓöÇΓöÇΓöÇΓöÇΓöÇΓöÇΓöÇΓöÇΓöÇΓöÇΓöÇΓöÇΓöÇΓöÇΓöÇΓöÇΓöÇΓöÇΓöÇΓöÇΓöÇΓöÇΓöÇΓöÇΓöÇΓöÇΓöÇΓöÇΓöÇΓöÇΓöÇΓöÇΓöÇΓöÇΓöÇΓöÇΓöÇΓöÇΓöÇΓöÇΓöÇΓöÇΓöÇΓöÇΓöÇΓöÇΓöÇΓöÇΓöÇΓöÇΓöÇΓöÇΓöÇΓöÇΓöÇΓöÇΓöÇΓöÇΓöÇΓöÇΓöÇΓöÇΓöÇΓöÇΓöÇΓöÇΓöÇΓöÇΓöÇΓöÇΓöÇΓöÇΓöÇΓöÇΓöÇΓöÇΓöÇΓöÇΓöÇΓöÇ

    Error Context: test-results\todo-filter-Filter-Todos-T-6f101-r-shows-only-finished-todos-chromium\error-context.md

  7) [chromium] ΓÇ║ tests\specs\todo-filter.spec.ts:56:7 ΓÇ║ Filter Todos ΓÇ║ TC-13 | @regression | All filter shows every todo regardless of state 

    TypeError: locator.click is not a function

       at ..\..\src\core\Driver.ts:58

      56 |   async click(locator: Locator): Promise<void> {
      57 |     await this.log.action("click", async () => {
    > 58 |       await locator.click();
         |                     ^
      59 |     });
      60 |   }
      61 |
        at fn (D:\playwright-todo-arch_1\src\core\Driver.ts:58:21)
        at Logger.action (D:\playwright-todo-arch_1\src\utils\Logger.ts:40:26)
        at Driver.click (D:\playwright-todo-arch_1\src\core\Driver.ts:57:20)
        at TodoItemComponent.toggle (D:\playwright-todo-arch_1\src\components\TodoItemComponent.ts:54:23)
        at TodoPage.completeTodo (D:\playwright-todo-arch_1\src\pages\TodoPage.ts:85:5)
        at setupWithCompletedItems (D:\playwright-todo-arch_1\tests\specs\todo-filter.spec.ts:18:3)
        at D:\playwright-todo-arch_1\tests\specs\todo-filter.spec.ts:58:7

    attachment #1: screenshot (image/png) ΓöÇΓöÇΓöÇΓöÇΓöÇΓöÇΓöÇΓöÇΓöÇΓöÇΓöÇΓöÇΓöÇΓöÇΓöÇΓöÇΓöÇΓöÇΓöÇΓöÇΓöÇΓöÇΓöÇΓöÇΓöÇΓöÇΓöÇΓöÇΓöÇΓöÇΓöÇΓöÇΓöÇΓöÇΓöÇΓöÇΓöÇΓöÇΓöÇΓöÇΓöÇΓöÇΓöÇΓöÇΓöÇΓöÇΓöÇΓöÇΓöÇΓöÇΓöÇΓöÇΓöÇΓöÇΓöÇΓöÇΓöÇΓöÇ
    test-results\todo-filter-Filter-Todos-T-616e6-ry-todo-regardless-of-state-chromium\test-failed-1.png
    ΓöÇΓöÇΓöÇΓöÇΓöÇΓöÇΓöÇΓöÇΓöÇΓöÇΓöÇΓöÇΓöÇΓöÇΓöÇΓöÇΓöÇΓöÇΓöÇΓöÇΓöÇΓöÇΓöÇΓöÇΓöÇΓöÇΓöÇΓöÇΓöÇΓöÇΓöÇΓöÇΓöÇΓöÇΓöÇΓöÇΓöÇΓöÇΓöÇΓöÇΓöÇΓöÇΓöÇΓöÇΓöÇΓöÇΓöÇΓöÇΓöÇΓöÇΓöÇΓöÇΓöÇΓöÇΓöÇΓöÇΓöÇΓöÇΓöÇΓöÇΓöÇΓöÇΓöÇΓöÇΓöÇΓöÇΓöÇΓöÇΓöÇΓöÇΓöÇΓöÇΓöÇΓöÇΓöÇΓöÇΓöÇΓöÇΓöÇΓöÇΓöÇΓöÇΓöÇΓöÇΓöÇΓöÇΓöÇΓöÇΓöÇΓöÇΓöÇΓöÇΓöÇΓöÇΓöÇΓöÇ

    attachment #2: video (video/webm) ΓöÇΓöÇΓöÇΓöÇΓöÇΓöÇΓöÇΓöÇΓöÇΓöÇΓöÇΓöÇΓöÇΓöÇΓöÇΓöÇΓöÇΓöÇΓöÇΓöÇΓöÇΓöÇΓöÇΓöÇΓöÇΓöÇΓöÇΓöÇΓöÇΓöÇΓöÇΓöÇΓöÇΓöÇΓöÇΓöÇΓöÇΓöÇΓöÇΓöÇΓöÇΓöÇΓöÇΓöÇΓöÇΓöÇΓöÇΓöÇΓöÇΓöÇΓöÇΓöÇΓöÇΓöÇΓöÇΓöÇΓöÇΓöÇΓöÇΓöÇΓöÇΓöÇ
    test-results\todo-filter-Filter-Todos-T-616e6-ry-todo-regardless-of-state-chromium\video.webm
    ΓöÇΓöÇΓöÇΓöÇΓöÇΓöÇΓöÇΓöÇΓöÇΓöÇΓöÇΓöÇΓöÇΓöÇΓöÇΓöÇΓöÇΓöÇΓöÇΓöÇΓöÇΓöÇΓöÇΓöÇΓöÇΓöÇΓöÇΓöÇΓöÇΓöÇΓöÇΓöÇΓöÇΓöÇΓöÇΓöÇΓöÇΓöÇΓöÇΓöÇΓöÇΓöÇΓöÇΓöÇΓöÇΓöÇΓöÇΓöÇΓöÇΓöÇΓöÇΓöÇΓöÇΓöÇΓöÇΓöÇΓöÇΓöÇΓöÇΓöÇΓöÇΓöÇΓöÇΓöÇΓöÇΓöÇΓöÇΓöÇΓöÇΓöÇΓöÇΓöÇΓöÇΓöÇΓöÇΓöÇΓöÇΓöÇΓöÇΓöÇΓöÇΓöÇΓöÇΓöÇΓöÇΓöÇΓöÇΓöÇΓöÇΓöÇΓöÇΓöÇΓöÇΓöÇΓöÇΓöÇ

    Error Context: test-results\todo-filter-Filter-Todos-T-616e6-ry-todo-regardless-of-state-chromium\error-context.md

  8) [chromium] ΓÇ║ tests\specs\todo-filter.spec.ts:67:7 ΓÇ║ Filter Todos ΓÇ║ TC-14 | @regression | Clear completed removes all finished todos 

    TypeError: locator.click is not a function

       at ..\..\src\core\Driver.ts:58

      56 |   async click(locator: Locator): Promise<void> {
      57 |     await this.log.action("click", async () => {
    > 58 |       await locator.click();
         |                     ^
      59 |     });
      60 |   }
      61 |
        at fn (D:\playwright-todo-arch_1\src\core\Driver.ts:58:21)
        at Logger.action (D:\playwright-todo-arch_1\src\utils\Logger.ts:40:26)
        at Driver.click (D:\playwright-todo-arch_1\src\core\Driver.ts:57:20)
        at TodoItemComponent.toggle (D:\playwright-todo-arch_1\src\components\TodoItemComponent.ts:54:23)
        at TodoPage.completeTodo (D:\playwright-todo-arch_1\src\pages\TodoPage.ts:85:5)
        at setupWithCompletedItems (D:\playwright-todo-arch_1\tests\specs\todo-filter.spec.ts:18:3)
        at D:\playwright-todo-arch_1\tests\specs\todo-filter.spec.ts:69:29

    attachment #1: screenshot (image/png) ΓöÇΓöÇΓöÇΓöÇΓöÇΓöÇΓöÇΓöÇΓöÇΓöÇΓöÇΓöÇΓöÇΓöÇΓöÇΓöÇΓöÇΓöÇΓöÇΓöÇΓöÇΓöÇΓöÇΓöÇΓöÇΓöÇΓöÇΓöÇΓöÇΓöÇΓöÇΓöÇΓöÇΓöÇΓöÇΓöÇΓöÇΓöÇΓöÇΓöÇΓöÇΓöÇΓöÇΓöÇΓöÇΓöÇΓöÇΓöÇΓöÇΓöÇΓöÇΓöÇΓöÇΓöÇΓöÇΓöÇΓöÇΓöÇ
    test-results\todo-filter-Filter-Todos-T-31ab8--removes-all-finished-todos-chromium\test-failed-1.png
    ΓöÇΓöÇΓöÇΓöÇΓöÇΓöÇΓöÇΓöÇΓöÇΓöÇΓöÇΓöÇΓöÇΓöÇΓöÇΓöÇΓöÇΓöÇΓöÇΓöÇΓöÇΓöÇΓöÇΓöÇΓöÇΓöÇΓöÇΓöÇΓöÇΓöÇΓöÇΓöÇΓöÇΓöÇΓöÇΓöÇΓöÇΓöÇΓöÇΓöÇΓöÇΓöÇΓöÇΓöÇΓöÇΓöÇΓöÇΓöÇΓöÇΓöÇΓöÇΓöÇΓöÇΓöÇΓöÇΓöÇΓöÇΓöÇΓöÇΓöÇΓöÇΓöÇΓöÇΓöÇΓöÇΓöÇΓöÇΓöÇΓöÇΓöÇΓöÇΓöÇΓöÇΓöÇΓöÇΓöÇΓöÇΓöÇΓöÇΓöÇΓöÇΓöÇΓöÇΓöÇΓöÇΓöÇΓöÇΓöÇΓöÇΓöÇΓöÇΓöÇΓöÇΓöÇΓöÇΓöÇ

    attachment #2: video (video/webm) ΓöÇΓöÇΓöÇΓöÇΓöÇΓöÇΓöÇΓöÇΓöÇΓöÇΓöÇΓöÇΓöÇΓöÇΓöÇΓöÇΓöÇΓöÇΓöÇΓöÇΓöÇΓöÇΓöÇΓöÇΓöÇΓöÇΓöÇΓöÇΓöÇΓöÇΓöÇΓöÇΓöÇΓöÇΓöÇΓöÇΓöÇΓöÇΓöÇΓöÇΓöÇΓöÇΓöÇΓöÇΓöÇΓöÇΓöÇΓöÇΓöÇΓöÇΓöÇΓöÇΓöÇΓöÇΓöÇΓöÇΓöÇΓöÇΓöÇΓöÇΓöÇΓöÇ
    test-results\todo-filter-Filter-Todos-T-31ab8--removes-all-finished-todos-chromium\video.webm
    ΓöÇΓöÇΓöÇΓöÇΓöÇΓöÇΓöÇΓöÇΓöÇΓöÇΓöÇΓöÇΓöÇΓöÇΓöÇΓöÇΓöÇΓöÇΓöÇΓöÇΓöÇΓöÇΓöÇΓöÇΓöÇΓöÇΓöÇΓöÇΓöÇΓöÇΓöÇΓöÇΓöÇΓöÇΓöÇΓöÇΓöÇΓöÇΓöÇΓöÇΓöÇΓöÇΓöÇΓöÇΓöÇΓöÇΓöÇΓöÇΓöÇΓöÇΓöÇΓöÇΓöÇΓöÇΓöÇΓöÇΓöÇΓöÇΓöÇΓöÇΓöÇΓöÇΓöÇΓöÇΓöÇΓöÇΓöÇΓöÇΓöÇΓöÇΓöÇΓöÇΓöÇΓöÇΓöÇΓöÇΓöÇΓöÇΓöÇΓöÇΓöÇΓöÇΓöÇΓöÇΓöÇΓöÇΓöÇΓöÇΓöÇΓöÇΓöÇΓöÇΓöÇΓöÇΓöÇΓöÇ

    Error Context: test-results\todo-filter-Filter-Todos-T-31ab8--removes-all-finished-todos-chromium\error-context.md

  9) [chromium] ΓÇ║ tests\specs\todo-filter.spec.ts:82:7 ΓÇ║ Filter Todos ΓÇ║ TC-15 | @regression | Active filter link shows as visually selected 

    TypeError: locator.click is not a function

       at ..\..\src\core\Driver.ts:58

      56 |   async click(locator: Locator): Promise<void> {
      57 |     await this.log.action("click", async () => {
    > 58 |       await locator.click();
         |                     ^
      59 |     });
      60 |   }
      61 |
        at fn (D:\playwright-todo-arch_1\src\core\Driver.ts:58:21)
        at Logger.action (D:\playwright-todo-arch_1\src\utils\Logger.ts:40:26)
        at Driver.click (D:\playwright-todo-arch_1\src\core\Driver.ts:57:20)
        at TodoItemComponent.toggle (D:\playwright-todo-arch_1\src\components\TodoItemComponent.ts:54:23)
        at TodoPage.completeTodo (D:\playwright-todo-arch_1\src\pages\TodoPage.ts:85:5)
        at setupWithCompletedItems (D:\playwright-todo-arch_1\tests\specs\todo-filter.spec.ts:18:3)
        at D:\playwright-todo-arch_1\tests\specs\todo-filter.spec.ts:84:7

    attachment #1: screenshot (image/png) ΓöÇΓöÇΓöÇΓöÇΓöÇΓöÇΓöÇΓöÇΓöÇΓöÇΓöÇΓöÇΓöÇΓöÇΓöÇΓöÇΓöÇΓöÇΓöÇΓöÇΓöÇΓöÇΓöÇΓöÇΓöÇΓöÇΓöÇΓöÇΓöÇΓöÇΓöÇΓöÇΓöÇΓöÇΓöÇΓöÇΓöÇΓöÇΓöÇΓöÇΓöÇΓöÇΓöÇΓöÇΓöÇΓöÇΓöÇΓöÇΓöÇΓöÇΓöÇΓöÇΓöÇΓöÇΓöÇΓöÇΓöÇΓöÇ
    test-results\todo-filter-Filter-Todos-T-c6b1d--shows-as-visually-selected-chromium\test-failed-1.png
    ΓöÇΓöÇΓöÇΓöÇΓöÇΓöÇΓöÇΓöÇΓöÇΓöÇΓöÇΓöÇΓöÇΓöÇΓöÇΓöÇΓöÇΓöÇΓöÇΓöÇΓöÇΓöÇΓöÇΓöÇΓöÇΓöÇΓöÇΓöÇΓöÇΓöÇΓöÇΓöÇΓöÇΓöÇΓöÇΓöÇΓöÇΓöÇΓöÇΓöÇΓöÇΓöÇΓöÇΓöÇΓöÇΓöÇΓöÇΓöÇΓöÇΓöÇΓöÇΓöÇΓöÇΓöÇΓöÇΓöÇΓöÇΓöÇΓöÇΓöÇΓöÇΓöÇΓöÇΓöÇΓöÇΓöÇΓöÇΓöÇΓöÇΓöÇΓöÇΓöÇΓöÇΓöÇΓöÇΓöÇΓöÇΓöÇΓöÇΓöÇΓöÇΓöÇΓöÇΓöÇΓöÇΓöÇΓöÇΓöÇΓöÇΓöÇΓöÇΓöÇΓöÇΓöÇΓöÇΓöÇ

    attachment #2: video (video/webm) ΓöÇΓöÇΓöÇΓöÇΓöÇΓöÇΓöÇΓöÇΓöÇΓöÇΓöÇΓöÇΓöÇΓöÇΓöÇΓöÇΓöÇΓöÇΓöÇΓöÇΓöÇΓöÇΓöÇΓöÇΓöÇΓöÇΓöÇΓöÇΓöÇΓöÇΓöÇΓöÇΓöÇΓöÇΓöÇΓöÇΓöÇΓöÇΓöÇΓöÇΓöÇΓöÇΓöÇΓöÇΓöÇΓöÇΓöÇΓöÇΓöÇΓöÇΓöÇΓöÇΓöÇΓöÇΓöÇΓöÇΓöÇΓöÇΓöÇΓöÇΓöÇΓöÇ
    test-results\todo-filter-Filter-Todos-T-c6b1d--shows-as-visually-selected-chromium\video.webm
    ΓöÇΓöÇΓöÇΓöÇΓöÇΓöÇΓöÇΓöÇΓöÇΓöÇΓöÇΓöÇΓöÇΓöÇΓöÇΓöÇΓöÇΓöÇΓöÇΓöÇΓöÇΓöÇΓöÇΓöÇΓöÇΓöÇΓöÇΓöÇΓöÇΓöÇΓöÇΓöÇΓöÇΓöÇΓöÇΓöÇΓöÇΓöÇΓöÇΓöÇΓöÇΓöÇΓöÇΓöÇΓöÇΓöÇΓöÇΓöÇΓöÇΓöÇΓöÇΓöÇΓöÇΓöÇΓöÇΓöÇΓöÇΓöÇΓöÇΓöÇΓöÇΓöÇΓöÇΓöÇΓöÇΓöÇΓöÇΓöÇΓöÇΓöÇΓöÇΓöÇΓöÇΓöÇΓöÇΓöÇΓöÇΓöÇΓöÇΓöÇΓöÇΓöÇΓöÇΓöÇΓöÇΓöÇΓöÇΓöÇΓöÇΓöÇΓöÇΓöÇΓöÇΓöÇΓöÇΓöÇ

    Error Context: test-results\todo-filter-Filter-Todos-T-c6b1d--shows-as-visually-selected-chromium\error-context.md

  9 failed
    [chromium] ΓÇ║ tests\specs\todo-complete.spec.ts:9:7 ΓÇ║ Complete Todo ΓÇ║ TC-04 | @smoke | mark a todo as complete applies completed styling 
    [chromium] ΓÇ║ tests\specs\todo-complete.spec.ts:20:7 ΓÇ║ Complete Todo ΓÇ║ TC-05 | @regression | completing a todo decrements the items-left counter 
    [chromium] ΓÇ║ tests\specs\todo-complete.spec.ts:31:7 ΓÇ║ Complete Todo ΓÇ║ TC-06 | @regression | completing all todos shows zero items left 
    [chromium] ΓÇ║ tests\specs\todo-edit.spec.ts:23:7 ΓÇ║ Edit Todo ΓÇ║ TC-10 | @regression | editing a completed todo retains its completed state 
    [chromium] ΓÇ║ tests\specs\todo-filter.spec.ts:28:7 ΓÇ║ Filter Todos ΓÇ║ TC-11 | @smoke | Active filter shows only incomplete todos 
    [chromium] ΓÇ║ tests\specs\todo-filter.spec.ts:42:7 ΓÇ║ Filter Todos ΓÇ║ TC-12 | @smoke | Completed filter shows only finished todos 
    [chromium] ΓÇ║ tests\specs\todo-filter.spec.ts:56:7 ΓÇ║ Filter Todos ΓÇ║ TC-13 | @regression | All filter shows every todo regardless of state 
    [chromium] ΓÇ║ tests\specs\todo-filter.spec.ts:67:7 ΓÇ║ Filter Todos ΓÇ║ TC-14 | @regression | Clear completed removes all finished todos 
    [chromium] ΓÇ║ tests\specs\todo-filter.spec.ts:82:7 ΓÇ║ Filter Todos ΓÇ║ TC-15 | @regression | Active filter link shows as visually selected 
  6 passed (34.0s)

To open last HTML report run:
[36m[39m
[36m  npx playwright show-report reports\html[39m
[36m[39m
